     1 00000000                                 [FORMAT "WCOFF"]
     2 00000000                                 [INSTRSET "i486p"]
     3 00000000                                 [OPTIMIZE 1]
     4 00000000                                 [OPTION 1]
     5 00000000                                 [BITS 32]
     6 00000000                                 	EXTERN	_font_A.0
     7 00000000                                 	EXTERN	_io_hlt
     8 00000000                                 	EXTERN	_io_load_eflags
     9 00000000                                 	EXTERN	_io_cli
    10 00000000                                 	EXTERN	_io_out8
    11 00000000                                 	EXTERN	_io_store_eflags
    12 00000000                                 [FILE "bootpack.c"]
    13                                          [SECTION .data]
    14 00000000                                 _font_A.0:
    15 00000000 00                              	DB	0
    16 00000001 18                              	DB	24
    17 00000002 18                              	DB	24
    18 00000003 18                              	DB	24
    19 00000004 18                              	DB	24
    20 00000005 24                              	DB	36
    21 00000006 24                              	DB	36
    22 00000007 24                              	DB	36
    23 00000008 24                              	DB	36
    24 00000009 7E                              	DB	126
    25 0000000A 42                              	DB	66
    26 0000000B 42                              	DB	66
    27 0000000C 42                              	DB	66
    28 0000000D E7                              	DB	-25
    29 0000000E 00                              	DB	0
    30 0000000F 00                              	DB	0
    31                                          [SECTION .text]
    32 00000000                                 	GLOBAL	_HariMain
    33 00000000                                 _HariMain:
    34 00000000 55                              	PUSH	EBP
    35 00000001 89 E5                           	MOV	EBP,ESP
    36 00000003 E8 00000043                     	CALL	_init_palette
    37 00000008 0F BF 05 00000FF6               	MOVSX	EAX,WORD [4086]
    38 0000000F 50                              	PUSH	EAX
    39 00000010 0F BF 05 00000FF4               	MOVSX	EAX,WORD [4084]
    40 00000017 50                              	PUSH	EAX
    41 00000018 FF 35 00000FF8                  	PUSH	DWORD [4088]
    42 0000001E E8 0000003B                     	CALL	_init_screen
    43 00000023 68 [00000000]                   	PUSH	_font_A.0
    44 00000028 6A 05                           	PUSH	5
    45 0000002A 6A 05                           	PUSH	5
    46 0000002C 6A 05                           	PUSH	5
    47 0000002E 0F BF 05 00000FF4               	MOVSX	EAX,WORD [4084]
    48 00000035 50                              	PUSH	EAX
    49 00000036 FF 35 00000FF8                  	PUSH	DWORD [4088]
    50 0000003C E8 00000271                     	CALL	_print_font
    51 00000041 83 C4 24                        	ADD	ESP,36
    52 00000044                                 L2:
    53 00000044 E8 [00000000]                   	CALL	_io_hlt
    54 00000049 EB F9                           	JMP	L2
    55                                          [SECTION .data]
    56 00000010                                 _table_rgb.1:
    57 00000010 00                              	DB	0
    58 00000011 00                              	DB	0
    59 00000012 00                              	DB	0
    60 00000013 FF                              	DB	-1
    61 00000014 00                              	DB	0
    62 00000015 00                              	DB	0
    63 00000016 00                              	DB	0
    64 00000017 FF                              	DB	-1
    65 00000018 00                              	DB	0
    66 00000019 FF                              	DB	-1
    67 0000001A FF                              	DB	-1
    68 0000001B 00                              	DB	0
    69 0000001C 00                              	DB	0
    70 0000001D 00                              	DB	0
    71 0000001E FF                              	DB	-1
    72 0000001F FF                              	DB	-1
    73 00000020 00                              	DB	0
    74 00000021 FF                              	DB	-1
    75 00000022 00                              	DB	0
    76 00000023 FF                              	DB	-1
    77 00000024 FF                              	DB	-1
    78 00000025 FF                              	DB	-1
    79 00000026 FF                              	DB	-1
    80 00000027 FF                              	DB	-1
    81 00000028 C6                              	DB	-58
    82 00000029 C6                              	DB	-58
    83 0000002A C6                              	DB	-58
    84 0000002B 84                              	DB	-124
    85 0000002C 00                              	DB	0
    86 0000002D 00                              	DB	0
    87 0000002E 00                              	DB	0
    88 0000002F 84                              	DB	-124
    89 00000030 00                              	DB	0
    90 00000031 84                              	DB	-124
    91 00000032 84                              	DB	-124
    92 00000033 00                              	DB	0
    93 00000034 00                              	DB	0
    94 00000035 00                              	DB	0
    95 00000036 84                              	DB	-124
    96 00000037 84                              	DB	-124
    97 00000038 00                              	DB	0
    98 00000039 84                              	DB	-124
    99 0000003A 00                              	DB	0
   100 0000003B 84                              	DB	-124
   101 0000003C 84                              	DB	-124
   102 0000003D 84                              	DB	-124
   103 0000003E 84                              	DB	-124
   104 0000003F 84                              	DB	-124
   105                                          [SECTION .text]
   106 0000004B                                 	GLOBAL	_init_palette
   107 0000004B                                 _init_palette:
   108 0000004B 55                              	PUSH	EBP
   109 0000004C 89 E5                           	MOV	EBP,ESP
   110 0000004E 68 [00000010]                   	PUSH	_table_rgb.1
   111 00000053 6A 0F                           	PUSH	15
   112 00000055 6A 00                           	PUSH	0
   113 00000057 E8 0000017C                     	CALL	_set_palette
   114 0000005C C9                              	LEAVE
   115 0000005D C3                              	RET
   116 0000005E                                 	GLOBAL	_init_screen
   117 0000005E                                 _init_screen:
   118 0000005E 55                              	PUSH	EBP
   119 0000005F 89 E5                           	MOV	EBP,ESP
   120 00000061 57                              	PUSH	EDI
   121 00000062 56                              	PUSH	ESI
   122 00000063 53                              	PUSH	EBX
   123 00000064 83 EC 14                        	SUB	ESP,20
   124 00000067 0F BF 5D 0C                     	MOVSX	EBX,WORD [12+EBP]
   125 0000006B 0F BF 45 10                     	MOVSX	EAX,WORD [16+EBP]
   126 0000006F 89 45 F0                        	MOV	DWORD [-16+EBP],EAX
   127 00000072 8D 7B FF                        	LEA	EDI,DWORD [-1+EBX]
   128 00000075 83 E8 1D                        	SUB	EAX,29
   129 00000078 8D 73 FC                        	LEA	ESI,DWORD [-4+EBX]
   130 0000007B 50                              	PUSH	EAX
   131 0000007C 57                              	PUSH	EDI
   132 0000007D 6A 00                           	PUSH	0
   133 0000007F 6A 00                           	PUSH	0
   134 00000081 6A 0E                           	PUSH	14
   135 00000083 53                              	PUSH	EBX
   136 00000084 FF 75 08                        	PUSH	DWORD [8+EBP]
   137 00000087 E8 000001D4                     	CALL	_boxfill8
   138 0000008C 8B 45 F0                        	MOV	EAX,DWORD [-16+EBP]
   139 0000008F 83 E8 1C                        	SUB	EAX,28
   140 00000092 50                              	PUSH	EAX
   141 00000093 57                              	PUSH	EDI
   142 00000094 50                              	PUSH	EAX
   143 00000095 6A 00                           	PUSH	0
   144 00000097 6A 08                           	PUSH	8
   145 00000099 53                              	PUSH	EBX
   146 0000009A FF 75 08                        	PUSH	DWORD [8+EBP]
   147 0000009D E8 000001BE                     	CALL	_boxfill8
   148 000000A2 8B 45 F0                        	MOV	EAX,DWORD [-16+EBP]
   149 000000A5 83 C4 38                        	ADD	ESP,56
   150 000000A8 83 E8 1B                        	SUB	EAX,27
   151 000000AB 50                              	PUSH	EAX
   152 000000AC 57                              	PUSH	EDI
   153 000000AD 50                              	PUSH	EAX
   154 000000AE 6A 00                           	PUSH	0
   155 000000B0 6A 07                           	PUSH	7
   156 000000B2 53                              	PUSH	EBX
   157 000000B3 FF 75 08                        	PUSH	DWORD [8+EBP]
   158 000000B6 E8 000001A5                     	CALL	_boxfill8
   159 000000BB 8B 45 F0                        	MOV	EAX,DWORD [-16+EBP]
   160 000000BE 48                              	DEC	EAX
   161 000000BF 50                              	PUSH	EAX
   162 000000C0 8B 45 F0                        	MOV	EAX,DWORD [-16+EBP]
   163 000000C3 57                              	PUSH	EDI
   164 000000C4 83 E8 1A                        	SUB	EAX,26
   165 000000C7 50                              	PUSH	EAX
   166 000000C8 8D 7B D1                        	LEA	EDI,DWORD [-47+EBX]
   167 000000CB 6A 00                           	PUSH	0
   168 000000CD 6A 08                           	PUSH	8
   169 000000CF 53                              	PUSH	EBX
   170 000000D0 FF 75 08                        	PUSH	DWORD [8+EBP]
   171 000000D3 E8 00000188                     	CALL	_boxfill8
   172 000000D8 8B 45 F0                        	MOV	EAX,DWORD [-16+EBP]
   173 000000DB 83 C4 38                        	ADD	ESP,56
   174 000000DE 83 E8 18                        	SUB	EAX,24
   175 000000E1 89 45 EC                        	MOV	DWORD [-20+EBP],EAX
   176 000000E4 50                              	PUSH	EAX
   177 000000E5 6A 3B                           	PUSH	59
   178 000000E7 50                              	PUSH	EAX
   179 000000E8 6A 03                           	PUSH	3
   180 000000EA 6A 07                           	PUSH	7
   181 000000EC 53                              	PUSH	EBX
   182 000000ED FF 75 08                        	PUSH	DWORD [8+EBP]
   183 000000F0 E8 0000016B                     	CALL	_boxfill8
   184 000000F5 8B 45 F0                        	MOV	EAX,DWORD [-16+EBP]
   185 000000F8 83 E8 04                        	SUB	EAX,4
   186 000000FB 50                              	PUSH	EAX
   187 000000FC 89 45 E8                        	MOV	DWORD [-24+EBP],EAX
   188 000000FF 6A 02                           	PUSH	2
   189 00000101 FF 75 EC                        	PUSH	DWORD [-20+EBP]
   190 00000104 6A 02                           	PUSH	2
   191 00000106 6A 07                           	PUSH	7
   192 00000108 53                              	PUSH	EBX
   193 00000109 FF 75 08                        	PUSH	DWORD [8+EBP]
   194 0000010C E8 0000014F                     	CALL	_boxfill8
   195 00000111 83 C4 38                        	ADD	ESP,56
   196 00000114 FF 75 E8                        	PUSH	DWORD [-24+EBP]
   197 00000117 6A 3B                           	PUSH	59
   198 00000119 FF 75 E8                        	PUSH	DWORD [-24+EBP]
   199 0000011C 6A 03                           	PUSH	3
   200 0000011E 6A 0F                           	PUSH	15
   201 00000120 53                              	PUSH	EBX
   202 00000121 FF 75 08                        	PUSH	DWORD [8+EBP]
   203 00000124 E8 00000137                     	CALL	_boxfill8
   204 00000129 8B 45 F0                        	MOV	EAX,DWORD [-16+EBP]
   205 0000012C 83 E8 05                        	SUB	EAX,5
   206 0000012F 50                              	PUSH	EAX
   207 00000130 8B 45 F0                        	MOV	EAX,DWORD [-16+EBP]
   208 00000133 6A 3B                           	PUSH	59
   209 00000135 83 E8 17                        	SUB	EAX,23
   210 00000138 50                              	PUSH	EAX
   211 00000139 89 45 E4                        	MOV	DWORD [-28+EBP],EAX
   212 0000013C 6A 3B                           	PUSH	59
   213 0000013E 6A 0F                           	PUSH	15
   214 00000140 53                              	PUSH	EBX
   215 00000141 FF 75 08                        	PUSH	DWORD [8+EBP]
   216 00000144 E8 00000117                     	CALL	_boxfill8
   217 00000149 8B 45 F0                        	MOV	EAX,DWORD [-16+EBP]
   218 0000014C 83 C4 38                        	ADD	ESP,56
   219 0000014F 83 E8 03                        	SUB	EAX,3
   220 00000152 89 45 E0                        	MOV	DWORD [-32+EBP],EAX
   221 00000155 50                              	PUSH	EAX
   222 00000156 6A 3B                           	PUSH	59
   223 00000158 50                              	PUSH	EAX
   224 00000159 6A 02                           	PUSH	2
   225 0000015B 6A 00                           	PUSH	0
   226 0000015D 53                              	PUSH	EBX
   227 0000015E FF 75 08                        	PUSH	DWORD [8+EBP]
   228 00000161 E8 000000FA                     	CALL	_boxfill8
   229 00000166 FF 75 E0                        	PUSH	DWORD [-32+EBP]
   230 00000169 6A 3C                           	PUSH	60
   231 0000016B FF 75 EC                        	PUSH	DWORD [-20+EBP]
   232 0000016E 6A 3C                           	PUSH	60
   233 00000170 6A 00                           	PUSH	0
   234 00000172 53                              	PUSH	EBX
   235 00000173 FF 75 08                        	PUSH	DWORD [8+EBP]
   236 00000176 E8 000000E5                     	CALL	_boxfill8
   237 0000017B 83 C4 38                        	ADD	ESP,56
   238 0000017E FF 75 EC                        	PUSH	DWORD [-20+EBP]
   239 00000181 56                              	PUSH	ESI
   240 00000182 FF 75 EC                        	PUSH	DWORD [-20+EBP]
   241 00000185 57                              	PUSH	EDI
   242 00000186 6A 0F                           	PUSH	15
   243 00000188 53                              	PUSH	EBX
   244 00000189 FF 75 08                        	PUSH	DWORD [8+EBP]
   245 0000018C E8 000000CF                     	CALL	_boxfill8
   246 00000191 FF 75 E8                        	PUSH	DWORD [-24+EBP]
   247 00000194 57                              	PUSH	EDI
   248 00000195 FF 75 E4                        	PUSH	DWORD [-28+EBP]
   249 00000198 57                              	PUSH	EDI
   250 00000199 6A 0F                           	PUSH	15
   251 0000019B 53                              	PUSH	EBX
   252 0000019C FF 75 08                        	PUSH	DWORD [8+EBP]
   253 0000019F E8 000000BC                     	CALL	_boxfill8
   254 000001A4 83 C4 38                        	ADD	ESP,56
   255 000001A7 FF 75 E0                        	PUSH	DWORD [-32+EBP]
   256 000001AA 56                              	PUSH	ESI
   257 000001AB FF 75 E0                        	PUSH	DWORD [-32+EBP]
   258 000001AE 57                              	PUSH	EDI
   259 000001AF 6A 07                           	PUSH	7
   260 000001B1 53                              	PUSH	EBX
   261 000001B2 FF 75 08                        	PUSH	DWORD [8+EBP]
   262 000001B5 E8 000000A6                     	CALL	_boxfill8
   263 000001BA 8D 43 FD                        	LEA	EAX,DWORD [-3+EBX]
   264 000001BD FF 75 E0                        	PUSH	DWORD [-32+EBP]
   265 000001C0 50                              	PUSH	EAX
   266 000001C1 FF 75 EC                        	PUSH	DWORD [-20+EBP]
   267 000001C4 50                              	PUSH	EAX
   268 000001C5 6A 07                           	PUSH	7
   269 000001C7 53                              	PUSH	EBX
   270 000001C8 FF 75 08                        	PUSH	DWORD [8+EBP]
   271 000001CB E8 00000090                     	CALL	_boxfill8
   272 000001D0 8D 65 F4                        	LEA	ESP,DWORD [-12+EBP]
   273 000001D3 5B                              	POP	EBX
   274 000001D4 5E                              	POP	ESI
   275 000001D5 5F                              	POP	EDI
   276 000001D6 5D                              	POP	EBP
   277 000001D7 C3                              	RET
   278 000001D8                                 	GLOBAL	_set_palette
   279 000001D8                                 _set_palette:
   280 000001D8 55                              	PUSH	EBP
   281 000001D9 89 E5                           	MOV	EBP,ESP
   282 000001DB 57                              	PUSH	EDI
   283 000001DC 56                              	PUSH	ESI
   284 000001DD 53                              	PUSH	EBX
   285 000001DE 51                              	PUSH	ECX
   286 000001DF 8B 5D 08                        	MOV	EBX,DWORD [8+EBP]
   287 000001E2 8B 7D 0C                        	MOV	EDI,DWORD [12+EBP]
   288 000001E5 8B 75 10                        	MOV	ESI,DWORD [16+EBP]
   289 000001E8 E8 [00000000]                   	CALL	_io_load_eflags
   290 000001ED 89 45 F0                        	MOV	DWORD [-16+EBP],EAX
   291 000001F0 E8 [00000000]                   	CALL	_io_cli
   292 000001F5 53                              	PUSH	EBX
   293 000001F6 68 000003C8                     	PUSH	968
   294 000001FB E8 [00000000]                   	CALL	_io_out8
   295 00000200 39 FB                           	CMP	EBX,EDI
   296 00000202 58                              	POP	EAX
   297 00000203 5A                              	POP	EDX
   298 00000204 7E 12                           	JLE	L12
   299 00000206                                 L14:
   300 00000206 8B 45 F0                        	MOV	EAX,DWORD [-16+EBP]
   301 00000209 89 45 08                        	MOV	DWORD [8+EBP],EAX
   302 0000020C 8D 65 F4                        	LEA	ESP,DWORD [-12+EBP]
   303 0000020F 5B                              	POP	EBX
   304 00000210 5E                              	POP	ESI
   305 00000211 5F                              	POP	EDI
   306 00000212 5D                              	POP	EBP
   307 00000213 E9 [00000000]                   	JMP	_io_store_eflags
   308 00000218                                 L12:
   309 00000218 8A 06                           	MOV	AL,BYTE [ESI]
   310 0000021A 43                              	INC	EBX
   311 0000021B C0 E8 02                        	SHR	AL,2
   312 0000021E 0F B6 C0                        	MOVZX	EAX,AL
   313 00000221 50                              	PUSH	EAX
   314 00000222 68 000003C9                     	PUSH	969
   315 00000227 E8 [00000000]                   	CALL	_io_out8
   316 0000022C 8A 46 01                        	MOV	AL,BYTE [1+ESI]
   317 0000022F C0 E8 02                        	SHR	AL,2
   318 00000232 0F B6 C0                        	MOVZX	EAX,AL
   319 00000235 50                              	PUSH	EAX
   320 00000236 68 000003C9                     	PUSH	969
   321 0000023B E8 [00000000]                   	CALL	_io_out8
   322 00000240 8A 46 02                        	MOV	AL,BYTE [2+ESI]
   323 00000243 C0 E8 02                        	SHR	AL,2
   324 00000246 83 C6 03                        	ADD	ESI,3
   325 00000249 0F B6 C0                        	MOVZX	EAX,AL
   326 0000024C 50                              	PUSH	EAX
   327 0000024D 68 000003C9                     	PUSH	969
   328 00000252 E8 [00000000]                   	CALL	_io_out8
   329 00000257 83 C4 18                        	ADD	ESP,24
   330 0000025A 39 FB                           	CMP	EBX,EDI
   331 0000025C 7E BA                           	JLE	L12
   332 0000025E EB A6                           	JMP	L14
   333 00000260                                 	GLOBAL	_boxfill8
   334 00000260                                 _boxfill8:
   335 00000260 55                              	PUSH	EBP
   336 00000261 89 E5                           	MOV	EBP,ESP
   337 00000263 57                              	PUSH	EDI
   338 00000264 56                              	PUSH	ESI
   339 00000265 53                              	PUSH	EBX
   340 00000266 57                              	PUSH	EDI
   341 00000267 57                              	PUSH	EDI
   342 00000268 8A 45 10                        	MOV	AL,BYTE [16+EBP]
   343 0000026B 8B 4D 18                        	MOV	ECX,DWORD [24+EBP]
   344 0000026E 8B 7D 1C                        	MOV	EDI,DWORD [28+EBP]
   345 00000271 88 45 F3                        	MOV	BYTE [-13+EBP],AL
   346 00000274 3B 4D 20                        	CMP	ECX,DWORD [32+EBP]
   347 00000277 7F 32                           	JG	L27
   348 00000279 8B 5D 0C                        	MOV	EBX,DWORD [12+EBP]
   349 0000027C 0F AF D9                        	IMUL	EBX,ECX
   350 0000027F                                 L25:
   351 0000027F 8B 55 14                        	MOV	EDX,DWORD [20+EBP]
   352 00000282 39 FA                           	CMP	EDX,EDI
   353 00000284 7F 1C                           	JG	L29
   354 00000286 8B 45 08                        	MOV	EAX,DWORD [8+EBP]
   355 00000289 01 D8                           	ADD	EAX,EBX
   356 0000028B 8D 04 10                        	LEA	EAX,DWORD [EAX+EDX*1]
   357 0000028E 89 45 EC                        	MOV	DWORD [-20+EBP],EAX
   358 00000291                                 L24:
   359 00000291 8B 75 EC                        	MOV	ESI,DWORD [-20+EBP]
   360 00000294 8A 45 F3                        	MOV	AL,BYTE [-13+EBP]
   361 00000297 42                              	INC	EDX
   362 00000298 88 06                           	MOV	BYTE [ESI],AL
   363 0000029A 46                              	INC	ESI
   364 0000029B 89 75 EC                        	MOV	DWORD [-20+EBP],ESI
   365 0000029E 39 FA                           	CMP	EDX,EDI
   366 000002A0 7E EF                           	JLE	L24
   367 000002A2                                 L29:
   368 000002A2 41                              	INC	ECX
   369 000002A3 03 5D 0C                        	ADD	EBX,DWORD [12+EBP]
   370 000002A6 3B 4D 20                        	CMP	ECX,DWORD [32+EBP]
   371 000002A9 7E D4                           	JLE	L25
   372 000002AB                                 L27:
   373 000002AB 5B                              	POP	EBX
   374 000002AC 5E                              	POP	ESI
   375 000002AD 5B                              	POP	EBX
   376 000002AE 5E                              	POP	ESI
   377 000002AF 5F                              	POP	EDI
   378 000002B0 5D                              	POP	EBP
   379 000002B1 C3                              	RET
   380 000002B2                                 	GLOBAL	_print_font
   381 000002B2                                 _print_font:
   382 000002B2 55                              	PUSH	EBP
   383 000002B3 89 E5                           	MOV	EBP,ESP
   384 000002B5 57                              	PUSH	EDI
   385 000002B6 56                              	PUSH	ESI
   386 000002B7 31 F6                           	XOR	ESI,ESI
   387 000002B9 53                              	PUSH	EBX
   388 000002BA 50                              	PUSH	EAX
   389 000002BB 8A 45 18                        	MOV	AL,BYTE [24+EBP]
   390 000002BE 8B 7D 1C                        	MOV	EDI,DWORD [28+EBP]
   391 000002C1 88 45 F3                        	MOV	BYTE [-13+EBP],AL
   392 000002C4                                 L41:
   393 000002C4 C6 03 80                        	MOV	BYTE [EBX],-128
   394 000002C7 31 C9                           	XOR	ECX,ECX
   395 000002C9                                 L40:
   396 000002C9 0F BE 14 3E                     	MOVSX	EDX,BYTE [ESI+EDI*1]
   397 000002CD 0F B6 03                        	MOVZX	EAX,BYTE [EBX]
   398 000002D0 85 C2                           	TEST	EDX,EAX
   399 000002D2 74 18                           	JE	L39
   400 000002D4 8B 45 14                        	MOV	EAX,DWORD [20+EBP]
   401 000002D7 8D 14 30                        	LEA	EDX,DWORD [EAX+ESI*1]
   402 000002DA 8B 45 08                        	MOV	EAX,DWORD [8+EBP]
   403 000002DD 0F AF 55 0C                     	IMUL	EDX,DWORD [12+EBP]
   404 000002E1 03 45 10                        	ADD	EAX,DWORD [16+EBP]
   405 000002E4 01 D0                           	ADD	EAX,EDX
   406 000002E6 8A 55 F3                        	MOV	DL,BYTE [-13+EBP]
   407 000002E9 88 14 01                        	MOV	BYTE [ECX+EAX*1],DL
   408 000002EC                                 L39:
   409 000002EC D0 2B                           	SHR	BYTE [EBX],1
   410 000002EE 41                              	INC	ECX
   411 000002EF 83 F9 07                        	CMP	ECX,7
   412 000002F2 7E D5                           	JLE	L40
   413 000002F4 46                              	INC	ESI
   414 000002F5 83 FE 0F                        	CMP	ESI,15
   415 000002F8 7E CA                           	JLE	L41
   416 000002FA 58                              	POP	EAX
   417 000002FB 5B                              	POP	EBX
   418 000002FC 5E                              	POP	ESI
   419 000002FD 5F                              	POP	EDI
   420 000002FE 5D                              	POP	EBP
   421 000002FF C3                              	RET
